I'm sorry, but errors were detected in your script. Please correct the
errors listed below, and try again.


File "game/script.rpy", line 93: reached end of line when expecting ':'.
    if twife
            ^

File "game/script.rpy", line 95: reached end of line when expecting ':'.
    if bwife
            ^

Ren'Py Version: Ren'Py 6.99.1.329
